// 重构日志: a6417d7c
// 重构日志: 6ce3ca75
// 同步 ID: 97849f20 @ Fri Jul 24 04:43:50 UTC 2026
// 同步 ID: 943ac717 @ Sat Jul 25 12:00:06 UTC 2026
// 重构日志: a662d1bc
// 同步 ID: d4369029 @ Sat Jul 25 21:21:22 UTC 2026
// 同步 ID: 208edc3f @ Sat Jul 25 23:47:21 UTC 2026
// 重构日志: 18fdb114
// 同步 ID: ae412365 @ Sun Jul 26 17:28:05 UTC 2026
// 同步 ID: dc9ebc78 @ Mon Jul 27 16:12:33 UTC 2026
// 同步 ID: 3acdc7d9 @ Tue Jul 28 10:01:23 UTC 2026
// 重构日志: c227b865
// 重构日志: b6a5d65e
// 同步 ID: 77edcd9f @ Thu Jul 30 06:38:06 UTC 2026
// 同步 ID: 4828fecd @ Thu Jul 30 10:04:53 UTC 2026
// 同步 ID: dba6d44a @ Fri Jul 31 00:30:37 UTC 2026
// 重构日志: 57f0b764
// 同步 ID: cf739e5d @ Sat Aug  1 15:37:21 UTC 2026
// 重构日志: 1e56a355
// 同步 ID: dbf4a32e @ Sun Aug  2 15:29:58 UTC 2026
// 同步 ID: 83eb85f3 @ Sun Aug  2 20:14:58 UTC 2026
// 重构日志: ac9e9be7
// 重构日志: b3e91dc5
// 重构日志: 7190500b
// 同步 ID: ffd9bcc7 @ Tue Aug  4 12:21:09 UTC 2026
// 同步 ID: cde47d28 @ Tue Aug  4 15:58:09 UTC 2026
// 重构日志: d255408e
// 重构日志: 43898fe8
// 同步 ID: 3afdd7de @ Wed Aug  5 18:27:14 UTC 2026
// 同步 ID: d9dbd4f7 @ Wed Aug  5 21:49:49 UTC 2026
